<?xml version="1.0" encoding="UTF-8" ?>
<testsuites name="vitest tests" tests="4" failures="4" errors="0" time="11.052">
    <testsuite name="e2e/home.spec.ts" timestamp="2025-08-12T10:41:14.741Z" hostname="SAS-PC-R-596" tests="1" failures="1" errors="0" skipped="0" time="0">
        <testcase classname="e2e/home.spec.ts" name="e2e/home.spec.ts" time="0">
            <failure message="Playwright Test did not expect test.describe() to be called here.
Most common reasons include:
- You are calling test.describe() in a configuration file.
- You are calling test.describe() in a file that is imported by the configuration file.
- You have two different versions of @playwright/test. This usually happens
  when one of the dependencies in your package.json depends on @playwright/test." type="Error">
Error: Playwright Test did not expect test.describe() to be called here.
Most common reasons include:
- You are calling test.describe() in a configuration file.
- You are calling test.describe() in a file that is imported by the configuration file.
- You have two different versions of @playwright/test. This usually happens
  when one of the dependencies in your package.json depends on @playwright/test.
 ❯ TestTypeImpl._currentSuite node_modules/playwright/lib/common/testType.js:74:13
 ❯ TestTypeImpl._describe node_modules/playwright/lib/common/testType.js:114:24
 ❯ Function.describe node_modules/playwright/lib/transform/transform.js:275:12
 ❯ e2e/home.spec.ts:3:6
            </failure>
        </testcase>
    </testsuite>
    <testsuite name="e2e/tests/accessibility.spec.js" timestamp="2025-08-12T10:41:14.786Z" hostname="SAS-PC-R-596" tests="1" failures="1" errors="0" skipped="0" time="0">
        <testcase classname="e2e/tests/accessibility.spec.js" name="e2e/tests/accessibility.spec.js" time="0">
            <failure message="Cannot set property isConnected of [object Object] which has only a getter" type="TypeError">
TypeError: Cannot set property isConnected of [object Object] which has only a getter
 ❯ new Node node_modules/happy-dom/src/nodes/node/Node.ts:57:29
 ❯ new Element node_modules/happy-dom/lib/nodes/element/Element.js:25:9
 ❯ new HTMLElement node_modules/happy-dom/lib/nodes/html-element/HTMLElement.js:17:9
 ❯ new HTMLUnknownElement node_modules/happy-dom/lib/nodes/html-unknown-element/HTMLUnknownElement.js:13:9
 ❯ HTMLDocument.createElementNS node_modules/happy-dom/src/nodes/document/Document.ts:834:19
 ❯ HTMLDocument.createElement node_modules/happy-dom/src/nodes/document/Document.ts:803:15
 ❯ node_modules/axe-core/axe.js:19279:32
 ❯ _pollyfillElementsFromPoint node_modules/axe-core/axe.js:19282:8
 ❯ node_modules/axe-core/axe.js:19312:36
 ❯ axeFunction node_modules/axe-core/axe.js:29227:5
            </failure>
        </testcase>
    </testsuite>
    <testsuite name="e2e/tests/home.spec.js" timestamp="2025-08-12T10:41:14.810Z" hostname="SAS-PC-R-596" tests="1" failures="1" errors="0" skipped="0" time="0">
        <testcase classname="e2e/tests/home.spec.js" name="e2e/tests/home.spec.js" time="0">
            <failure message="Playwright Test did not expect test.describe() to be called here.
Most common reasons include:
- You are calling test.describe() in a configuration file.
- You are calling test.describe() in a file that is imported by the configuration file.
- You have two different versions of @playwright/test. This usually happens
  when one of the dependencies in your package.json depends on @playwright/test." type="Error">
Error: Playwright Test did not expect test.describe() to be called here.
Most common reasons include:
- You are calling test.describe() in a configuration file.
- You are calling test.describe() in a file that is imported by the configuration file.
- You have two different versions of @playwright/test. This usually happens
  when one of the dependencies in your package.json depends on @playwright/test.
 ❯ TestTypeImpl._currentSuite node_modules/playwright/lib/common/testType.js:74:13
 ❯ TestTypeImpl._describe node_modules/playwright/lib/common/testType.js:114:24
 ❯ Function.describe node_modules/playwright/lib/transform/transform.js:275:12
 ❯ e2e/tests/home.spec.js:3:6
            </failure>
        </testcase>
    </testsuite>
    <testsuite name="e2e/tests/navigation.spec.js" timestamp="2025-08-12T10:41:14.824Z" hostname="SAS-PC-R-596" tests="1" failures="1" errors="0" skipped="0" time="0">
        <testcase classname="e2e/tests/navigation.spec.js" name="e2e/tests/navigation.spec.js" time="0">
            <failure message="Playwright Test did not expect test.describe() to be called here.
Most common reasons include:
- You are calling test.describe() in a configuration file.
- You are calling test.describe() in a file that is imported by the configuration file.
- You have two different versions of @playwright/test. This usually happens
  when one of the dependencies in your package.json depends on @playwright/test." type="Error">
Error: Playwright Test did not expect test.describe() to be called here.
Most common reasons include:
- You are calling test.describe() in a configuration file.
- You are calling test.describe() in a file that is imported by the configuration file.
- You have two different versions of @playwright/test. This usually happens
  when one of the dependencies in your package.json depends on @playwright/test.
 ❯ TestTypeImpl._currentSuite node_modules/playwright/lib/common/testType.js:74:13
 ❯ TestTypeImpl._describe node_modules/playwright/lib/common/testType.js:114:24
 ❯ Function.describe node_modules/playwright/lib/transform/transform.js:275:12
 ❯ e2e/tests/navigation.spec.js:3:6
            </failure>
        </testcase>
    </testsuite>
</testsuites>
